[    0.000000] Initializing cgroup subsys cpuset
[    0.000000] Initializing cgroup subsys cpu
[    0.000000] Initializing cgroup subsys cpuacct
[    0.000000] Linux version 4.4.0-165-generic (buildd@lgw01-amd64-027) (gcc version 5.4.0 20160609 (Ubuntu 5.4.0-6ubuntu1~16.04.10) ) #193-Ubuntu SMP Tue Sep 17 17:42:52 UTC 2019 (Ubuntu 4.4.0-165.193-generic 4.4.189)
[    0.000000] Command line: BOOT_IMAGE=/boot/vmlinuz-4.4.0-165-generic root=LABEL=cloudimg-rootfs ro console=tty1 console=ttyS0
[    0.000000] KERNEL supported cpus:
[    0.000000]   Intel GenuineIntel
[    0.000000]   AMD AuthenticAMD
[    0.000000]   Centaur CentaurHauls
[    0.000000] x86/fpu: xstate_offset[2]:  576, xstate_sizes[2]:  25
[    0.000000] x86/fpu: Supporting XSAVE feature 0x01: 'x87 floating point registers'
[    0.000000] x86/fpu: Supporting XSAVE feature 0x02: 'SSE registers'
[    0.000000] x86/fpu: Supporting XSAVE feature 0x04: 'AVX registers'
[    0.000000] x86/fpu: Enabled xstate features 0x7, context size iis 832 bytes, using 'standard' format.
[    0.000000] e820: BIOS-provided physical RAM map:
[    0.000000] BIOS-e820: [mem 0x0000000000000000-0x000000000009fbff] usable
[    0.000000] BIOS-e820: [mem 0x000000000009fc00-0x000000000009ffff] reserved
[    0.000000] BIOS-e820: [mem 0x00000000000f0000-0x00000000000fffff] reserved
[    0.000000] BIOS-e820: [mem 0x0000000000100000-0x000000003ffeffff] usable
[    0.000000] BIOS-e820: [mem 0x000000003fff0000-0x000000003fffffff] ACPI data
[    0.000000] BIOS-e820: [mem 0x00000000fec00000-0x00000000fec00fff] reserved
[    0.000000] BIOS-e820: [mem 0x00000000fee00000-0x00000000fee00fff] reserved
[    0.000000] BIOS-e820: [mem 0x00000000fffc0000-0x00000000ffffffff] reserved
[    0.000000] NX (Execute Disable) protection: active
[    0.000000] SMBIOS 2.5 present.
[    0.000000] Hypervisor detected: KVM
[    0.000000] e820: last_pfn = 0x3fff0 max_arch_pfn = 0x400000000
[    0.000000] MTRR: Disabled
[    0.000000] x86/PAT: MTRRs disabled, skipping PAT initialization too.
[    0.000000] CPU MTRRs all blank - virtualized system.
[    0.000000] x86/PAT: Configuration [0-7]: WB  WT  UC- UC  WB  WT  UC- UC  
[    0.000000] found SMP MP-table at [mem 0x0009fff0-0x0009ffff] mapped at [ffff88000009fff0]
[    0.000000] Scanning 1 areas for low memory corruption
[    0.000000] RAMDISK: [mem 0x362f6000-0x37172fff]
[    0.000000] ACPI: Early table checksum verification disabled
[    0.000000] ACPI: RSDP 0x00000000000E0000 000024 (v02 VBOX  )
[    0.000000] ACPI: XSDT 0x000000003FFF0030 00003C (v01 VBOX   VBOXXSDT 00000001 ASL  00000061)
[    0.000000] ACPI: FACP 0x000000003FFF00F0 0000F4 (v04 VBOX   VBOXFACP 00000001 ASL  00000061)
[    0.000000] ACPI: DSDT 0x000000003FFF0470 0021FF (v02 VBOX   VBOXBIOS 00000002 INTL 20180105)
[    0.000000] ACPI: FACS 0x000000003FFF0200 000040
[    0.000000] ACPI: FACS 0x000000003FFF0200 000040
[    0.000000] ACPI: APIC 0x000000003FFF0240 00005C (v02 VBOX   VBOXAPIC 00000001 ASL  00000061)
[    0.000000] ACPI: SSDT 0x000000003FFF02A0 0001CC (v01 VBOX   VBOXCPUT 00000002 INTL 20180105)
[    0.000000] No NUMA configuration found
[    0.000000] Faking a node at [mem 0x0000000000000000-0x000000003ffeffff]
[    0.000000] NODE_DATA(0) allocated [mem 0x3ffeb000-0x3ffeffff]
[    0.000000] kvm-clock: Using msrs 4b564d01 and 4b564d00
[    0.000000] kvm-clock: cpu 0, msr 0:3ffe3001, primary cpu clock
[    0.000000] kvm-clock: using sched offset of 3271219489 cycles
[    0.000000] clocksource: kvm-clock: mask: 0xffffffffffffffff max_cycles: 0x1cd42e4dffb, max_idle_ns: 881590591483 ns
[    0.000000] Zone ranges:
[    0.000000]   DMA      [mem 0x0000000000001000-0x0000000000ffffff]
[    0.000000]   DMA32    [mem 0x0000000001000000-0x000000003ffeffff]
[    0.000000]   Normal   empty
[    0.000000]   Device   empty
[    0.000000] Movable zone start for each node
[    0.000000] Early memory node ranges
[    0.000000]   node   0: [mem 0x0000000000001000-0x000000000009efff]
[    0.000000]   node   0: [mem 0x0000000000100000-0x000000003ffeffff]
[    0.000000] Initmem setup node 0 [mem 0x0000000000001000-0x000000003ffeffff]
[    0.000000] ACPI: PM-Timer IO Port: 0x4008
[    0.000000] IOAPIC[0]: apic_id 2, version 32, address 0xfec00000, GSI 0-23
[    0.000000] ACPI: INT_SRC_OVR (bus 0 bus_irq 0 global_irq 2 dfl dfl)
[    0.000000] ACPI: INT_SRC_OVR (bus 0 bus_irq 9 global_irq 9 low level)
[    0.000000] Using ACPI (MADT) for SMP configuration information
[    0.000000] smpboot: Allowing 2 CPUs, 0 hotplug CPUs
[    0.000000] PM: Registered nosave memory: [mem 0x00000000-0x00000fff]
[    0.000000] PM: Registered nosave memory: [mem 0x0009f000-0x0009ffff]
[    0.000000] PM: Registered nosave memory: [mem 0x000a0000-0x000effff]
[    0.000000] PM: Registered nosave memory: [mem 0x000f0000-0x000fffff]
[    0.000000] e820: [mem 0x40000000-0xfebfffff] available for PCI devices
[    0.000000] Booting paravirtualized kernel on KVM
[    0.000000] clocksource: refined-jiffies: mask: 0xffffffff max_cycles: 0xffffffff, max_idle_ns: 7645519600211568 ns
[    0.000000] setup_percpu: NR_CPUS:512 nr_cpumask_bits:512 nr_cpu_ids:2 nr_node_ids:1
[    0.000000] PERCPU: Embedded 34 pages/cpu @ffff88003fc00000 s99544 r8192 d31528 u1048576
[    0.000000] Built 1 zonelists in Node order, mobility grouping on.  Total pages: 257912
[    0.000000] Policy zone: DMA32
[    0.000000] Kernel command line: BOOT_IMAGE=/boot/vmlinuz-4.4.0-165-generic root=LABEL=cloudimg-rootfs ro console=tty1 console=ttyS0
[    0.000000] PID hash table entries: 4096 (order: 3, 32768 bytes)
[    0.000000] Memory: 997724K/1048120K available (8621K kernel code, 1335K rwdata, 4032K rodata, 1484K init, 1284K bss, 50396K reserved, 0K cma-reserved)
[    0.000000] SLUB: HWalign=64, Order=0-3, MinObjects=0, CPUs=2, Nodes=1
[    0.000000] Kernel/User page tables isolation: enabled
[    0.000000] Hierarchical RCU implementation.
[    0.000000] 	Build-time adjustment of leaf fanout to 64.
[    0.000000] 	RCU restricting CPUs from NR_CPUS=512 to nr_cpu_ids=2.
[    0.000000] RCU: Adjusting geometry for rcu_fanout_leaf=64, nr_cpu_ids=2
[    0.000000] NR_IRQS:33024 nr_irqs:440 16
[    0.000000] Console: colour VGA+ 80x25
[    0.000000] console [tty1] enabled
[    0.000000] console [ttyS0] enabled
[    0.000000] tsc: Detected 2196.816 MHz processor
[    0.270827] Calibrating delay loop (skipped) preset value.. 4393.63 BogoMIPS (lpj=8787264)
[    0.272646] pid_max: default: 32768 minimum: 301
[    0.273619] ACPI: Core revision 20150930
[    0.25502] API: 2 ACPI AML tables successfully acquired and loaded
[    0.323223] Security Framework initialized
[    0.324128] Yama: becoming mindful.
[    0.324942] AppArmor: AppArmor initialized
[    0.325944] Dentry cache hash table entries: 131072 (order: 8, 1048576 bytes)
[    0.328127] Inode-cache hash table entries: 65536 (order: 7, 524288 bytes)
[    0.329683] Mount-cache hash table entries: 2048 (order: 2, 16384 bytes)
[    0.331027] Mountpoint-cache hash table entries: 2048 (order: 2, 16384 bytes)
[    0.332573] Initializing cgroup subsys io
[    0.333464] Initializing cgroup subsys memory
[    0.334650] Initializing cgroup subsys devices
[    0.335829] Initializing cgroup subsys freezer
[    0.336995] Initializing cgroup subsys net_cls
[    0.338186] Initializing cgroup subsys perf_event
[    0.339411] Initializing cgroup subsys net_prio
[    0.340612] Initializing cgroup subsys hugetlb
[    0.341792] Initializing cgroup subsys pids
[    0.343984] mce: CPU supports 0 MCE banks
[    0.345098] Last level iTLB entries: 4KB 64, 2MB 8, 4MB 8
[    0.346447] Last level dTLB entries: 4KB 64, 2MB 0, 4MB 0, 1GB 4
[    0.347853] Spectre V1 : Mitigation: usercopy/swapgs barriers and __user pointer sanitization
[    0.349944] Spectre V2 : Mitigation: Full generic retpoline
[    0.351238] Spectre V2 : Spectre v2 / SpectreRSB mitigation: Filling RSB on context switch
[    0.353268] Speculative Store Bypass: Vulnerable
[    0.354502] MDS: Mitigation: Clear CPU buffers
[    0.357924] Freeing SMP alternatives memory: 36K
[    0.364125] ftrace: allocating 32318 entries in 127 pages
[    0.418622] smpboot: APIC(0) Converting physical 0 to logical package 0
[    0.420193] smpboot: Max logical packages: 1
[    0.421500] x2apic enabled
[    0.422520] Switched APIC routing to physical x2apic.
[    0.424828] ..TIMER: vector=0x30 apic1=0 pin1=2 apic2=-1 pin2=-1
[    0.534275] smpboot: CPU0: Intel(R) Core(TM) i5-5200U CPU @ 2.20GHz (family: 0x6, model: 0x3d, stepping: 0x4)
[    0.536912] Performance Events: unsupported p6 CPU model 61 no PMU driver, software events only.
[    0.549241] KVM setup paravirtual spinlock
[    0.551041] x86: Booting SMP configuration:
[    0.552145] .... node  #0, CPUs:      #1
[    0.553264] kvm-clock: cpu 1, msr 0:3ffe3041, secondary cpu clock
[    0.555153] mce: CPU supports 0 MCE banks
[    0.568242] x86: Booted up 1 node, 2 CPUs
[    0.569569] smpboot: Total of 2 processors activated (8787.26 BogoMIPS)
[    0.571520] devtmpfs: initialized
[    0.573879] evm: security.selinux
[    0.574807] evm: security.SMACK64
[    0.575744] evm: security.SMACK64EXEC
[    0.576724] evm: security.SMACK64TRANSMUTE
[    0.577745] evm: security.SMACK64MMAP
[    0.578724] evm: security.ima
[    0.579560] evm: security.capability
[    0.580796] clocksource: jiffies: mask: 0xffffffff max_cycles: 0xffffffff, max_idle_ns: 7645041785100000 ns
[    0.583024] futex hash table entries: 512 (order: 3, 32768 bytes)
[    0.584395] pinctrl core: initialized pinctrl subsystem
[    0.585580] RTC time: 20:44:29, date: 10/26/19
[    0.586724] NET: Registered protocol family 16
[    0.597362] cpuidle: using governor ladder
[    0.609634] cpuidle: using governor menu
[    0.611105] PCCT header not found.
[    0.612863] ACPI: bus type PCI registered
[    0.614759] acpiphp: ACPI Hot Plug PCI Controller Driver version: 0.5
[    0.617727] PCI: Using configuration type 1 for base access
[    0.633832] ACPI: Added _OSI(Module Device)
[    0.634794] ACPI: Added _OSI(Processor Device)
[    0.635943] ACPI: Added _OSI(3.0 _SCP Extensions)
[    0.637810] ACPI: Added _OSI(Processor Aggregator Device)
[    0.641293] ACPI: Executed 1 blocks of module-level executable AML code
[    0.715176] ACPI: Interpreter enabled
[    0.764699] ACPI: (supports S0 S5)
[    0.773138] ACPI: Using IOAPIC for interrupt routing
[    0.774367] PCI: Using host bridge windows from ACPI; if necessary, use "pci=nocrs" and report a bug
[    0.780220] ACPI: PCI Root Bridge [PCI0] (domain 0000 [bus 00-ff])
[    0.867051] acpi PNP0A03:00: _OSC: OS supports [ASPM ClockPM Segments MSI]
[    0.963292] acpi PNP0A03:00: _OSC: not requesting OS control; OS requires [ExtendedConfig ASPM ClockPM MSI]
[    1.038241] acpi PNP0A03:00: fail to add MMCONFIG information, can't access extended PCI configuration space under this bridge.
[    1.040875] PCI host bridge to bus 0000:00
[    1.041775] pci_bus 0000:00: root bus resource [io  0x0000-0x0cf7 window]
[    1.043094] pci_bus 0000:00: root bus resource [io  0x0d00-0xffff window]
[    1.044410] pci_bus 0000:00: root bus resource [mem 0x000a0000-0x000bffff window]
[    1.046055] pci_bus 0000:00: root bus resource [mem 0x40000000-0xfdffffff window]
[    1.047768] pci_bus 0000:00: root bus resource [bus 00-ff]
[    1.050779] pci 0000:00:01.1: legacy IDE quirk: reg 0x10: [io  0x01f0-0x01f7]
[    1.052156] pci 0000:00:01.1: legacy IDE quirk: reg 0x14: [io  0x03f6]
[    1.053436] pci 0000:00:01.1: legacy IDE quirk: reg 0x18: [io  0x0170-0x0177]
[    1.054802] pci 0000:00:01.1: legacy IDE quirk: reg 0x1c: [io  0x0376]
[    1.087447] pci 0000:00:07.0: quirk: [io  0x4000-0x403f] claimed by PIIX4 ACPI
[    1.158123] pci 0000:00:07.0: quirk: [io  0x4100-0x410f] claimed by PIIX4 SMB
[    1.169904] ACPI: PCI Interrupt Link [LNKA] (IRQs 5 9 10 *11)
[    1.174372] ACPI: PCI Interrupt Link [LNKB] (IRQs 5 9 *10 11)
[    1.181537] ACPI: PCI Interrupt Link [LNKC] (IRQs 5 *9 10 11)
[    1.183479] ACPI: PCI Interrupt Link [LNKD] (IRQs 5 9 10 *11)
[    1.185813] ACPI: Enabled 2 GPEs in block 00 to 07
[    1.191137] vgaarb: setting as boot device: PCI:0000:00:02.0
[    1.192841] vgaarb: device added: PCI:0000:00:02.0,decodes=io+mem,owns=io+mem,locks=none
[    1.201514] vgaarb: loaded
[    1.216275] vgaarb: bridge control possible 0000:00:02.0
[    1.228448] SCSI subsystem initialized
[    1.235903] ACPI: bus type USB registered
[    1.239990] usbcore: registered new interface driver usbfs
[    1.241106] usbcore: registered new interface driver hub
[    1.247610] usbcore: registered new device driver usb
[    1.248937] PCI: Using ACPI for IRQ routing
[    1.250173] NetLabel: Initializing
[    1.250970] NetLabel:  domain hash size = 128
[    1.251928] NetLabel:  protocols = UNLABELED CIPSOv4
[    1.253567] NetLabel:  unlabeled traffic allowed by default
[    1.254872] amd_nb: Cannot enumerate AMD northbridges
[    1.257048] clocksource: Switched to clocksource kvm-clock
[    1.265436] AppArmor: AppArmor Filesystem Enabled
[    1.280153] pnp: PnP ACPI init
[    1.281750] pnp: PnP ACPI: found 3 devices
[    1.291654] clocksource: acpi_pm: mask: 0xffffff max_cycles: 0xffffff, max_idle_ns: 2085701024 ns
[    1.293570] NET: Registered protocol family 2
[    1.294649] TCP established hash table entries: 8192 (order: 4, 65536 bytes)
[    1.296042] TCP bind hash table entries: 8192 (order: 5, 131072 bytes)
[    1.297330] TCP: Hash tables configured (established 8192 bind 8192)
[    1.298589] UDP hash table entries: 512 (order: 2, 16384 bytes)
[    1.299776] UDP-Lite hash table entries: 512 (order: 2, 16384 bytes)
[    1.301046] NET: Registered protocol family 1
[    1.302014] pci 0000:00:00.0: Limiting direct PCI/PCI transfers
[    1.303202] pci 0000:00:01.0: Activating ISA DMA hang workarounds
[    1.304533] Unpacking initramfs...
[    1.534350] Freeing initrd memory: 14836K
[    1.542929] RAPL PMU detected, API unit is 2^-32 Joules, 4 fixed counters 10737418240 ms ovfl timer
[    1.545160] hw unit of domain pp0-core 2^-0 Joules
[    1.546397] hw unit of domain package 2^-0 Joules
[    1.547564] hw unit of domain dram 2^-0 Joules
[    1.550228] hw unit of domain pp1-gpu 2^-0 Joules
[    1.551380] clocksource: tsc: mask: 0xffffffffffffffff max_cycles: 0x1faa7320b6b, max_idle_ns: 440795272236 ns
[    1.553916] platform rtc_cmos: registered platform RTC device (no PNP device found)
[    1.555919] Scanning for low memory corruption every 60 seconds
[    1.557727] audit: initializing netlink subsys (disabled)
[    1.559051] audit: type=2000 audit(1572122674.295:1): initialized
[    1.560789] Initialise system trusted keyring
[    1.562115] HugeTLB registered 2 MB page size, pre-allocated 0 pages
[    1.564897] zbud: loaded
[    1.566152] VFS: Disk quotas dquot_6.6.0
[    1.567195] VFS: Dquot-cache hash table entries: 512 (order 0, 4096 bytes)
[    1.568995] squashfs: version 4.0 (2009/01/31) Phillip Lougher
[    1.570733] fuse init (API version 7.23)
[    1.571895] Key type big_key registered
[    1.572912] Allocating IMA MOK and blacklist keyrings.
[    1.575640] Key type asymmetric registered
[    1.576772] Asymmetric key parser 'x509' registered
[    1.578095] Block layer SCSI generic (bsg) driver version 0.4 loaded (major 249)
[    1.580166] io scheduler noop registered
[    1.581257] io scheduler deadline registered (default)
[    1.600465] io scheduler cfq registered
[    1.601657] pci_hotplug: PCI Hot Plug PCI Core version: 0.5
[    1.603086] pciehp: PCI Express Hot Plug Controller Driver version: 0.4
[    1.604858] ACPI: AC Adapter [AC] (on-line)
[    1.619840] input: Power Button as /devices/LNXSYSTM:00/LNXPWRBN:00/input/input0
[    1.628924] ACPI: Power Button [PWRF]
[    1.629852] input: Sleep Button as /devices/LNXSYSTM:00/LNXSLPBN:00/input/input1
[    1.631470] ACPI: Sleep Button [SLPF]
[    1.636012] ACPI: Battery Slot [BAT0] (battery present)
[    1.637123] GHES: HEST is not enabled!
[    1.638089] Serial: 8250/16550 driver, 32 ports, IRQ sharing enabled
[    1.661781] 00:02: ttyS0 at I/O 0x3f8 (irq = 4, base_baud = 115200) is a 16550A
[    1.664733] Linux agpgart interface v0.103
[    1.672154] loop: module loaded
[    1.673777] scsi host0: ata_piix
[    1.699899] scsi host1: ata_piix
[    1.700734] ata1: PATA max UDMA/33 cmd 0x1f0 ctl 0x3f6 bmdma 0xd000 irq 14
[    1.702088] ata2: PATA max UDMA/33 cmd 0x170 ctl 0x376 bmdma 0xd008 irq 15
[    1.703562] libphy: Fixed MDIO Bus: probed
[    1.704542] tun: Universal TUN/TAP device driver, 1.6
[    1.705747] tun: (C) 1999-2004 Max Krasnyansky <maxk@qualcomm.com>
[    1.707346] PPP generic driver version 2.4.2
[    1.708591] ehci_hcd: USB 2.0 'Enhanced' Host Controller (EHCI) Driver
[    1.710181] ehci-pci: EHCI PCI platform driver
[    1.711314] ehci-platform: EHCI generic platform driver
[    1.712595] ohci_hcd: USB 1.1 'Open' Host Controller (OHCI) Driver
[    1.714044] ohci-pci: OHCI PCI platform driver
[    1.715135] ohci-platform: OHCI generic platform driver
[    1.717409] uhci_hcd: USB Universal Host Controller Interface driver
[    1.719920] i8042: PNP: PS/2 Controller [PNP0303:PS2K,PNP0f03:PS2M] at 0x60,0x64 irq 1,12
[    1.722566] serio: i8042 KBD port at 0x60,0x64 irq 1
[    1.723833] serio: i8042 AUX port at 0x60,0x64 irq 12
[    1.725137] mousedev: PS/2 mouse device common for all mice
[    1.740542] rtc_cmos rtc_cmos: rtc core: registered rtc_cmos as rtc0
[    1.742207] rtc_cmos rtc_cmos: alarms up to one day, 114 bytes nvram
[    1.743750] i2c /dev entries driver
[    1.744738] input: AT Translated Set 2 keyboard as /devices/platform/i8042/serio0/input/input2
[    1.758175] device-mapper: uevent: version 1.0.3
[    1.759229] device-mapper: ioctl: 4.34.0-ioctl (2015-10-28) initialised: dm-devel@redhat.com
[    1.761043] ledtrig-cpu: registered to indicate activity on CPUs
[    1.762784] NET: Registered protocol family 10
[    1.763995] NET: Registered protocol family 17
[    1.764972] Key type dns_resolver registered
[    1.766202] registered taskstats version 1
[    1.767128] Loading compiled-in X.509 certificates
[    1.768855] Loaded X.509 cert 'Build time autogenerated kernel key: 0ed82eac04367aa6426493b1389455ebf6830eaa'
[    1.771392] zswap: loaded using pool lzo/zbud
[    1.774497] Key type trusted registered
[    1.779040] Key type encrypted registered
[    1.780254] AppArmor: AppArmor sha1 policy hashing enabled
[    1.781739] ima: No TPM chip found, activating TPM-bypass!
[    1.783132] ima: Allocated hash algorithm: sha1
[    1.784503] evm: HMAC attrs: 0x1
[    1.786024]   Magic number: 7:785:751
[    1.787237] misc uinput: hash matches
[    1.788469] ata_link link2: hash matches
[    1.789780]  link2: hash matches
[    1.790899] tty ttyS2: hash matches
[    1.792191] rtc_cmos rtc_cmos: setting system clock to 2019-10-26 20:44:31 UTC (1572122671)
[    1.794973] BIOS EDD facility v0.16 2004-Jun-25, 0 devices found
[    1.796457] EDD information not available.
[    1.862086] Freeing unused kernel memory: 1484K
[    1.865047] Write protecting the kernel read-only data: 14336k
[    1.868672] Freeing unused kernel memory: 1608K
[    1.870182] Freeing unused kernel memory: 64K
Loading, please wait...
starting version 229
[    1.887301] random: systemd-udevd: uninitialized urandom read (16 bytes read, 3 bits of entropy available)
[    1.888158] random: udevadm: uninitialized urandom read (16 bytes read, 3 bits of entropy available)
[    1.888183] random: udevadm: uninitialized urandom read (16 bytes read, 3 bits of entropy available)
[    1.896915] random: udevadm: uninitialized urandom read (16 bytes read, 3 bits of entropy available)
[    1.896964] random: udevadm: uninitialized urandom read (16 bytes read, 3 bits of entropy available)
[    1.897135] random: udevadm: uninitialized urandom read (16 bytes read, 3 bits of entropy available)
[    1.897193] random: udevadm: uninitialized urandom read (16 bytes read, 3 bits of entropy available)
[    1.897244] random: udevadm: uninitialized urandom read (16 bytes read, 3 bits of entropy available)
[    1.897295] random: udevadm: uninitialized urandom read (16 bytes read, 3 bits of entropy available)
[    1.897346] random: udevadm: uninitialized urandom read (16 bytes read, 3 bits of entropy available)
[    1.957653] Fusion MPT base driver 3.04.20
[    1.960002] Copyright (c) 1999-2008 LSI Corporation
[    1.992023] e1000: Intel(R) PRO/1000 Network Driver - version 7.3.21-k8-NAPI
[    1.994133] e1000: Copyright (c) 1999-2006 Intel Corporation.
[    2.017632] Fusion MPT SPI Host driver 3.04.20
[    2.023048] AVX2 version of gcm_enc/dec engaged.
[    2.024386] AES CTR mode by8 optimization enabled
[    2.203106] input: ImExPS/2 Generic Explorer Mouse as /devices/platform/i8042/serio1/input/input4
[    2.369287] e1000 0000:00:03.0 eth0: (PCI:33MHz:32-bit) 02:b6:26:2d:10:3c
[    2.380989] e1000 0000:00:03.0 eth0: Intel(R) PRO/1000 Network Connection
[    2.383307] mptbase: ioc0: Initiating bringup
[    2.383761] e1000 0000:00:03.0 enp0s3: renamed from eth0
[    2.460042] ioc0: LSI53C1030 A0: Capabilities={Initiator}
[    2.793823] scsi host2: ioc0: LSI53C1030 A0, FwRev=00000000h, Ports=1, MaxQ=256, IRQ=20
[    2.941188] scsi 2:0:0:0: Direct-Access     VBOX     HARDDISK         1.0  PQ: 0 ANSI: 5
[    2.960706] scsi target2:0:0: Beginning Domain Validation
[    2.963673] scsi target2:0:0: Domain Validation skipping write tests
[    2.965384] scsi target2:0:0: Ending Domain Validation
[    2.966777] scsi target2:0:0: asynchronous
[    2.968657] scsi 2:0:1:0: Direct-Access     VBOX     HARDDISK         1.0  PQ: 0 ANSI: 5
[    2.970873] scsi target2:0:1: Beginning Domain Validation
[    2.973376] scsi target2:0:1: Domain Validation skipping write tests
[    2.974943] scsi target2:0:1: Ending Domain Validation
[    2.976336] scsi target2:0:1: asynchronous
[    2.983081] sd 2:0:0:0: [sda] 20971520 512-byte logical blocks: (10.7 GB/10.0 GiB)
[    2.983353] sd 2:0:0:0: Attached scsi generic sg0 type 0
[    2.984111] sd 2:0:1:0: Attached scsi generic sg1 type 0
[    2.986097] sd 2:0:1:0: [sdb] 20480 512-byte logical blocks: (10.5 MB/10.0 MiB)
[    2.991086] sd 2:0:1:0: [sdb] Write Protect is off
[    2.991170] sd 2:0:0:0: [sda] Write Protect is off
[    2.991294] sd 2:0:0:0: [sda] Incomplete mode parameter data
[    2.991296] sd 2:0:0:0: [sda] Assuming drive cache: write through
[    2.996020] sd 2:0:1:0: [sdb] Incomplete mode parameter data
[    3.002106]  sda: sda1
[    3.014312] sd 2:0:1:0: [sdb] Assuming drive cache: write through
[    3.016092] sd 2:0:0:0: [sda] Attached SCSI disk
[    3.019334] sd 2:0:1:0: [sdb] Attached SCSI disk
Begin: Loading essential drivers ... [    4.380710] md: linear personality registered for level -1
[    4.422800] md: multipath personality registered for level -4
[    4.427121] md: raid0 personality registered for level 0
[    4.432954] md: raid1 personality registered for level 1
[    4.505124] raid6: sse2x1   gen()  5983 MB/s
[    4.601273] raid6: sse2x1   xor()  6268 MB/s
[    4.685639] raid6: sse2x2   gen() 10286 MB/s
[    4.753247] raid6: sse2x2   xor()  6919 MB/s
[    4.829183] raid6: sse2x4   gen() 13657 MB/s
[    4.899165] raid6: sse2x4   xor()  8848 MB/s
[    4.969185] raid6: avx2x1   gen() 17415 MB/s
[    5.039156] raid6: avx2x2   gen() 19834 MB/s
[    5.109136] raid6: avx2x4   gen() 20351 MB/s
[    5.110091] raid6: using algorithm avx2x4 gen() 20351 MB/s
[    5.111213] raid6: using avx2x2 recovery algorithm
[    5.116750] xor: automatically using best checksumming function:
[    5.157064]    avx       : 21604.000 MB/sec
[    5.159245] async_tx: api initialized (async)
[    5.171163] md: raid6 personality registered for level 6
[    5.172600] md: raid5 personality registered for level 5
[    5.174002] md: raid4 personality registered for level 4
[    5.182458] md: raid10 personality registered for level 10
done.
Begin: Running /scripts/init-premount ... done.
Begin: Mounting root file system ... Begin: Running /scripts/local-top ... done.
Begin: Running /scripts/local-premount ... [    5.219346] Btrfs loaded
Scanning for Btrfs filesystems
done.
Warning: fsck not present, so skipping root file system
[    5.258556] EXT4-fs (sda1): mounted filesystem with ordered data mode. Opts: (null)
done.
Begin: Running /scripts/local-bottom ... done.
Begin: Running /scripts/init-bottom ... done.
[    5.374916] systemd[1]: systemd 229 running in system mode. (+PAM +AUDIT +SELINUX +IMA +APPARMOR +SMACK +SYSVINIT +UTMP +LIBCRYPTSETUP +GCRYPT +GNUTLS +ACL +XZ -LZ4 +SECCOMP +BLKID +ELFUTILS +KMOD -IDN)
[    5.379387] systemd[1]: Detected virtualization oracle.
[    5.380755] systemd[1]: Detected architecture x86-64.

Welcome to [1mUbuntu 16.04.6 LTS[0m!

[    5.385417] systemd[1]: Set hostname to <ubuntu>.
[    5.388585] systemd[1]: Initializing machine ID from random generator.
[    5.390461] systemd[1]: Installed transient /etc/machine-id file.
[    5.541708] systemd[1]: Listening on /dev/initctl Compatibility Named Pipe.
[[0;32m  OK  [0m] Listening on /dev/initctl Compatibility Named Pipe.
[    5.545905] systemd[1]: Reached target System Time Synchronized.
[[0;32m  OK  [0m] Reached target System Time Synchronized.
[    5.549241] systemd[1]: Listening on Journal Socket (/dev/log).
[[0;32m  OK  [0m] Listening on Journal Socket (/dev/log).
[    5.552840] systemd[1]: Created slice System Slice.
[[0;32m  OK  [0m] Created slice System Slice.
[    5.555679] systemd[1]: Listeninon Journal Socket.
[[0;32m  OK  [0m] Listening on Journal Socket.

[    5.621299] systemd[1]: Starting Create list of required static device nodes for the current kernel...
         Starting Create list of required st... nodes for the current kernel...
[    5.655647] systemd[1]: Mounting Huge Pages File System...
         Mounting Huge Pages File System...
[    5.663764] systemd[1]: Starting Uncomplicated firewall...
         Starting Uncomplicated firewall...
[    5.669985] systemd[1]: Starting Load Kernel Modules...
         Starting Load Kernel Modules...
[    5.674228] systemd[1]: Mounting POSIX Message Queue File System...
[    5.694271] Loading iSCSI transport class v2.0-870.
         Mounting POSIX Message Queue File System...
[    5.697467] systemd[1]: Created slice User and Session Slice.
[[0;32m  OK  [[    5.705389] iscsi: registered transport (tcp)
0m] Created slice User and Session Slice.
[    5.710819] systemd[1]: Reached target Slices.
[[0;32m  OK  [0m] Reached target Slices.
[    5.713269] systemd[1]: Listening on Device-mapper event daemon FIFOs.
[[0;32m  OK  [0m] Listening on Device-mapper event daemon FIFOs.
[    5.729213] systemd[1]: Starting Nameserver information manager...
         Starting Nameserver information manager...
[    5.732514] systemd[1]: Created slice system-serial\x2dgetty.slice.
[[0;32m  OK  [0m] Created slice system-serial\x2dgetty.slice.
[    5.736108] systemd[1]: Started Forward Password Requests to Wall Directory Watch.
[[0;32m  OK  [0m] Started Forward Password Requests to Wall Directory Watch.
[    5.739515] systemd[1]: Listening on LVM2 poll daemon socket.
[[0;32m  OK  [0m] Listening on LVM2 poll daemon socket.
[    5.742256] systemd[1]: Listening on Syslog Socket.
[[0;32m  OK  [0m] Listening on Syslog Socket.
[    5.744677] systemd[1]: Started Trigger resolvconf update for networkd DNS.
[    5.758239] iscsi: registered transport (iser)
[[0;32m  OK  [0m] Started Trigger resolvconf update for networkd DNS.
[    5.761981] systemd[1]: Starting Remount Root and Kernel File Systems...
         Starting Remount Root and Kernel File Systems...
[    5.765234] systemd[1]: Listening on Journal Audit Socket.
[    5.766475] EXT4-fs (sda1): re-mounted. Opts: (null)
[[0;32m  OK  [0m] Listening on Journal Audit Socket.
[    5.770584] systemd[1]: Starting Journal Service...
         Starting Journal Service...
[    5.773071] systemd[1]: Reached target User and Group Name Lookups.
[[0;32m  OK  [0m] Reached target User and Group Name Lookups.
[    5.777270] systemd[1]: Listening on udev Kernel Socket.
[[0;32m  OK  [0m] Listening on udev Kernel Socket.
[    5.780030] systemd[1]: Reached target Encrypted Volumes.
[[0;32m  OK  [0m] Reached target Encrypted Volumes.
[    5.797328] systemd[1]: Listening on LVM2 metadata daemon socket.
[[0;32m  OK  [0m] Listening on LVM2 metadata daemon socket.
[    5.812581] systemd[1]: Reached target Swap.
[[0;32m  OK  [0m] Reached target Swap.
[    5.814662] systemd[1]: Listening on udev Control Socket.
[[0;32m  OK  [0m] Listening on udev Control Socket.
[    5.829408] systemd[1]: Starting Monitoring of LVM2 mirrors, snapshots etc. using dmeventd or progress polling...
         Starting Monitoring of LVM2 mirrors... dmeventd or progress polling...
[    5.846527] systemd[1]: Starting Set console keymap...
         Starting Set console keymap...
[    5.850141] systemd[1]: Set up automount Arbitrary Executable File Formats File System Automount Point.
[[0;32m  OK  [0m] Set up automount Arbitrary Executab...ats File System Automount Point.
[    5.877172] systemd[1]: Mounting Debug File System...
         Mounting Debug File System...
[    5.884815] systemd[1]: Mounted Huge Pages File System.
[[0;32m  OK  [0m] Mounted Huge Pages File System.
[    5.888254] systemd[1]: Mounted Debug File System.
[[0;32m  OK  [0m] Mounted Debug File System.
[    5.897306] systemd[1]: Mounted POSIX Message Queue File System.
[[0;32m  OK  [0m] Mounted POSIX Message Queue File System.
[    5.899946] systemd[1]: Started Journal Service.
[[0;32m  OK  [0m] Started Journal Service.
[[0;32m  OK  [0m] Started Create list of required sta...ce nodes for the current kernel.
[[0;32m  OK  [0m] Started Uncomplicated firewall.
[[0;32m  OK  [0m] Started Load Kernel Modules.
[[0;32m  OK  [0m] Started Remount Root and Kernel File Systems.
[[0;32m  OK  [0m] Started Set console keymap.
[[0;32m  OK  [0m] Started Nameserver information manager.
[[0;32m  OK  [0m] Started LVM2 metadata daemon.
         Starting Load/Save Random Seed...
         Starting udev Coldplug all Devices...
         Mounting FUSE Control File System...
         Starting Apply Kernel Variables...
         Starting Create Static Device Nodes in /dev...
         Starting Flush Journal to Persistent Storage...
[[0;32m  OK  [0m] Mounted FUSE Control File System.
[[0;32m  OK  [0m] Started Load/Save Random Seed.
[[0;32m  OK  [0m] Started Apply Kernel Variables.
[[0;32m  OK  [0m] Started Create Static Device Nodes in /dev.
[[0;32m  OK  [0m] Started udev Coldplug all Devices.
[[0;32m  OK  [0m] Started Flush Journal to Persistent Storage.
         Starting udev Kernel Device Manager...
[[0;32m  OK  [0m] Started udev Kernel Device Manager.
[[0;32m  OK  [0m] Started Dispatch Password Requests to Console Directory Watch.
[[0;32m  OK  [0m] Started Monitoring of LVM2 mirrors,...ng dmeventd or progress polling.
[[0;32m  OK  [0m] Reached target Local File Systems (Pre).
[[0;32m  OK  [0m] Reached target Local File Systems.
         Starting Tell Plymouth To Write Out Runtime Data...
         Starting Create Volatile Files and Directories...
         Starting LSB: AppArmor initialization...
         Starting Commit a transient machine-id on disk...
         Starting Set console font and keymap...
         Starting Initial cloud-init job (pre-networking)...
[[0;32m  OK  [0m] Started Tell Plymouth To Write Out Runtime Data.
[[0;32m  OK  [0m] Started Create Volatile Files and Directories.
[[0;32m  OK  [0m] Started Commit a transient machine-id on disk.
         Starting Update UTMP about System Boot/Shutdown...
[[0;32m  OK  [0m] Started Update UTMP about System Boot/Shutdown.
[[0;32m  OK  [0m] Found device /dev/ttyS0.
[[0;32m  OK  [0m] Listening on Load/Save RF Kill Switch Status /dev/rfkill Watch.
[[0;32m  OK  [0m] Started LSB: AppArmor initialization.
[    6.826251] cloud-init[493]: Cloud-init v. 19.2-36-g059d049c-0ubuntu2~16.04.1 running 'init-local' at Sat, 26 Oct 2019 20:44:37 +0000. Up 6.39 seconds.
[[0;32m  OK  [0m] Started Initial cloud-init job (pre-networking).
[[0;32m  OK  [0m] Started Set console font and keymap.
[[0;32m  OK  [0m] Created slice system-getty.slice.
[[0;32m  OK  [0m] Reached target Network (Pre).
         Starting Raise network interfaces...
[[0;32m  OK  [0m] Started Raise network interfaces.
         Starting Initial cloud-init job (metadata service crawler)...
[[0;32m  OK  [0m] Reached target Network.
[    8.621023] cloud-init[938]: Cloud-init v. 19.2-36-g059d049c-0ubuntu2~16.04.1 running 'init' at Sat, 26 Oct 2019 20:44:38 +0000. Up 7.63 seconds.
[    8.625228] cloud-init[938]: ci-info: ++++++++++++++++++++++++++++++++++++++Net device info++++++++++++++++++++++++++++++++++++++
[    8.627819] cloud-init[938]: ci-info: +--------+------+----------------------------+---------------+--------+-------------------+
[    8.642053] cloud-init[938]: ci-info: | Device |  Up  |          Address           |      Mask     | Scope  |     Hw-Address    |
[    8.644139] cloud-init[938]: ci-info: +--------+------+----------------------------+---------------+--------+-------------------+
[    8.646576] cloud-init[938]: ci-info: | enp0s3 | True |         10.0.2.15          | 255.255.255.0 | global | 02:b6:26:2d:10:3c |
[    8.648662] cloud-init[938]: ci-info: | enp0s3 | True | fe80::b6:26ff:fe2d:103c/64 |       .       |  link  | 02:b6:26:2d:10:3c |
[    8.651851] cloud-init[938]: ci-info: |   lo   | True |         127.0.0.1          |   255.0.0.0   |  host  |         .         |
[    8.653928] cloud-init[938]: ci-info: |   lo   | True |          ::1/128           |       .       |  host  |         .         |
[    8.657084] cloud-init[938]: ci-info: +--------+------+----------------------------+---------------+--------+-------------------+
[    8.660259] cloud-init[938]: ci-info: +++++++++++++++++++++++++++Route IPv4 info++++++++++++++++++++++++++++
[    8.662083] cloud-init[938]: ci-info: +-------+-------------+----------+---------------+-----------+-------+
[    8.663905] cloud-init[938]: ci-info: | Route | Destination | Gateway  |    Genmask    | Interface | Flags |
[    8.665850] cloud-init[938]: ci-info: +-------+-------------+----------+---------------+-----------+-------+
[    8.668793] cloud-init[938]: ci-info: |   0   |   0.0.0.0   | 10.0.2.2 |    0.0.0.0    |   enp0s3  |   UG  |
[    8.670585] cloud-init[938]: ci-info: |   1   |   10.0.2.0  | 0.0.0.0  | 255.255.255.0 |   enp0s3  |   U   |
[    8.672414] cloud-init[938]: ci-info: +-------+-------------+----------+---------------+-----------+-------+
[    8.674170] cloud-init[938]: ci-info: +++++++++++++++++++Route IPv6 info+++++++++++++++++++
[    8.675788] cloud-init[938]: ci-info: +-------+-------------+---------+-----------+-------+
[    8.677409] cloud-init[938]: ci-info: | Route | Destination | Gateway | Interface | Flags |
[    8.679047] cloud-init[938]: ci-info: +-------+-------------+---------+-----------+-------+
[    8.680661] cloud-init[938]: ci-info: |   0   |  fe80::/64  |    ::   |   enp0s3  |   U   |
[    8.682255] cloud-init[938]: ci-info: |   3   |   ff00::/8  |    ::   |   enp0s3  |   U   |
[    8.683896] cloud-init[938]: ci-info: +-------+-------------+---------+-----------+-------+
[    8.685547] cloud-init[938]: Generating public/private rsa key pair.
[    8.688040] cloud-init[938]: Your identification has been saved in /etc/ssh/ssh_host_rsa_key.
[    8.689710] cloud-init[938]: Your public key has been saved in /etc/ssh/ssh_host_rsa_key.pub.
[    8.691373] cloud-init[938]: The key fingerprint is:
[    8.692604] cloud-init[938]: SHA256:j9cReQQVAGApvkfILJUpSlo1AURCWzutRsrTTHghMCA root@ubuntu-xenial
[    8.694273] cloud-init[938]: The key's randomart image is:
[    8.695581] cloud-init[938]: +---[RSA 2048]----+
[    8.697934] cloud-init[938]: |E=+=+. ooo..o++. |
[    8.700314] cloud-init[938]: |.oB =.=..    o   |
[    8.702851] cloud-init[938]: | * B B o    o .  |
[    8.704372] cloud-init[938]: |o O + = .    o   |
[    8.705802] cloud-init[938]: | + = . oS   .    |
[    8.707305] cloud-init[938]: |  o   . .o . .   |
[    8.708825] cloud-init[938]: |       .. o .    |
[    8.710277] cloud-init[938]: |         .       |
[    8.711773] cloud-init[938]: |                 |
[    8.713288] cloud-init[938]: +----[SHA256]-----+
[    8.714772] cloud-init[938]: Generating public/private dsa key pair.
[    8.717313] cloud-init[938]: Your identification has been saved in /etc/ssh/ssh_host_dsa_key.
[    8.724245] [[0;32m  OK  [0m] Started Initial cloud-init job (metadata service crawler).
cloud-init[938]: Your public key has been saved in /etc/ssh/ssh_host_dsa_key.pub.
[[0;32m  OK  [0m] Reached target System Initialization.
[    8.727556] cloud-init[938]: The key fingerprint is:
         Starting Socket activation for snappy daemon.
[    8.729692] cloud-init[938]: SHA256:w/ScaS1xpUSCc16ro6Aa0312KYO5lH4cetruNz4yArM root@ubuntu-xenial
[    8.741272]          Starting LXD - unix socket.
cloud-init[938]: The key's randomart image is:[[0;32m  OK  [0m] Started ACPI Events Check.
[[0;32m  OK  [0m] Reached target Paths.
[[0;32m  OK  [0m] Started Message of the Day.
[[0;32m  OK  [0m] Listening on ACPID Listen Socket.

[    8.761107] [[0;32m  OK  [0m] Started Daily apt download activities.
[[0;32m  OK  [0m] Listening on UUID daemon activation socket.
[[0;32m  OK  [0m] Listening on D-Bus System Message Bus Socket.
[[0;32m  OK  [0m] Started Daily Cleanup of Temporary Directories.
[[0;32m  OK  [0m] Started Daily apt upgrade and clean activities.
[[0;32m  OK  [0m] Reached target Timers.
[[0;32m  OK  [0m] Reached target Cloud-config availability.
[[0;32m  OK  [0m] Reached target Network is Online.
cloud-init[938]: +---[DSA 1024]----+
[    8.770857] cloud-init[938]: |         ...o .  |
[    8.772828] cloud-init[938]: |        o .o.o   |
[    8.774740] cloud-init[938]: |        .+..o.   |
[    8.776878] cloud-init[938]: |       o o.*.    |
[    8.778789] cloud-init[938]: |        S B..    |
[    8.781000] cloud-init[938]: |   .o..+.ooo     |
[    8.782487] cloud-init[938]: |  o .=*+=oo.     |
[    8.783863]          Starting iSCSI initiator daemon (iscsid)...
cloud-init[938]: |   oEoo=B++      |
[    8.786103] [[0;32m  OK  [0m] Listening on Socket activation for snappy daemon.
[[0;32m  OK  [0m] Listening on LXD - unix socket.
[[0;32m  OK  [0m] Reached target Sockets.
[[0;32m  OK  [0m] Reached target Basic System.
cloud-init         Starting LSB: Record successful boot for GRUB...
[938]: |  ..  +B+=.o     |         Starting Login Service...

[    8.791618] cloud-init[938]: +----[SHA256]-----+
[[0;32m  OK  [0m] Started Regular background program processing daemon.
[    8.804290] [[0;32m  OK  [0m] Started Deferred execution scheduler.
cloud-init[938]: Generating public/private ecdsa key pair.         Starting Pollinate to seed the pseudo random number generator...
[[0;32m  OK  [0m] Started D-Bus System Message Bus.

[    8.816845] cloud-init[938]: Your identification has been saved in /etc/ssh/ssh_host_ecdsa_key.
[    8.824345] cloud-init[938]: Your public key has been saved in /etc/ssh/ssh_host_ecdsa_key.pub.
[    8.835416] cloud-init[938]: The key fingerprint is:
[    8.836811] cloud-init[938]: SHA256:Y09SYa81fTk5ujX/48lI5aRWtbVolZ+85uxE+ik5QQU root@ubuntu-xenial
[    8.838899] cloud-init[938]: The key's randomart image is:
[    8.840416] cloud-init[938]: +---[ECDSA 256]---+
[    8.841676] cloud-init[938]: |          o  E.  |
[    8.842944] cloud-init[938]: |         . o . .+|
[    8.844233] cloud-init[938]: |          . + oB+|
[    8.845623] cloud-init[938]: |         . o o=.X|
[    8.847037] cloud-init[938]: |        S o .+ %.|
[    8.848427] cloud-init[938]: |       . =  ..@ +|
[    8.852886] cloud-init[938]: |          .  *o=.|
[    8.855114] cloud-init[938]: |            o+O.+|
[    8.856196] cloud-init[938]: |             .=Xo|
[    8.857251] cloud-init[938]: +----[SHA256]-----+
[    8.858284] cloud-init[938]: Generating public/private ed25519 key pair.
[    8.859615] cloud-init[938]: Your identification has been saved in /etc/ssh/ssh_host_ed25519_key.
[    8.861361] cloud-init[938]: Your public key has been saved in /etc/ssh/ssh_host_ed25519_key.pub.
[    8.864583] cloud-init[938]: The key fingerprint is:
[    8.865890] cloud-init[938]: SHA256:+5NXdqNnMRQ2LRzlcmNsWldb0oSM90fViVA7FC9wDz4 root@ubuntu-xenial
[[0;32m  OK  [0m] Started ACPI event daemon.
         Starting /etc/rc.local Compatibility...
         Starting System Logging Service...
[[0;32m  OK  [0m] Started FUSE filesystem for LXC.
         Starting LXD - container startup/shutdown...
         Starting Virtualbox guest utils...
         Starting LSB: MD monitoring daemon...
         Starting Accounts Service...
[    8.867835] cloud-init[938]: The key's randomart image is:
         Starting Snappy daemon...
[[0;32m  OK  [0m] Started System Logging Service.
[    8.955717] cloud-init[938]: +--[ED25519 256]--+
[    8.968140] cloud-init[938]: |           ooX=*@|
[    8.970028] cloud-init[938]: |            *.%BO|
[    8.975034] cloud-init[938]: |             Eo&*|
[    8.978020] cloud-init[938]: |              O+=|
[[0;32m  OK  [0m] Started /etc/rc.local Compatibility.
[[0;32m  OK  [0m] Started iSCSI initiator daemon (iscsid).
[    8.992179] cloud-init[938]: |        S    .. .|
[    9.012119] cloud-init[938]: |         .    o+.|
[    9.014693] cloud-init[938]: |        .  . o..+|
[    9.017455] cloud-init[938]: |         .o .. o |
[    9.031596] cloud-init[938]: |          .o  o  |
[    9.036044] cloud-init[938]: +----[SHA256]-----+
[[0;32m  OK  [0m] Started LSB: Record successful boot for GRUB.
[[0;32m  OK  [0m] Started Login Service.
[[0;32m  OK  [0m] Started Unattended Upgrades Shutdown.
         Starting Authenticate and Authorize Users to Run Privileged Tasks...
         Starting Login to default iSCSI targets...
[[0;32m  OK  [0m] Started LXD - container startup/shutdown.
[[0;32m  OK  [0m] Started LSB: MD monitoring daemon.
[[0;32m  OK  [0m] Started Authenticate and Authorize Users to Run Privileged Tasks.
[[0;32m  OK  [0m] Started Accounts Service.
[[0;32m  OK  [0m] Started Virtualbox guest utils.
[[0;32m  OK  [0m] Started Login to default iSCSI targets.
[[0;32m  OK  [0m] Started Snappy daemon.
         Starting Wait until snapd is fully seeded...
[[0;32m  OK  [0m] Reached target Remote File Systems (Pre).
[[0;32m  OK  [0m] Reached target Remote File Systems.
         Starting LSB: daemon to balance interrupts for SMP systems...
         Starting LSB: automatic crash report generation...
         Starting Permit User Sessions...
         Starting LSB: Set the CPU Frequency Scaling governor to "ondemand"...
[[0;32m  OK  [0m] Started Pollinate to seed the pseudo random number generator.
[[0;32m  OK  [0m] Started Permit User Sessions.
         Starting Hold until boot process finishes up...
         Starting Terminate Plymouth Boot Screen...
         Starting OpenBSD Secure Shell server...
[[0;32m  OK  [0m] Started LSB: Set the CPU Frequency Scaling governor to "ondemand".
[[0;32m  OK  [0m] Started LSB: automatic crash report generation.
[[0;32m  OK  [0m] Started LSB: daemon to balance interrupts for SMP systems.
[[0;32m  OK  [0m] Started Hold until boot process finishes up.
[[0;32m  OK  [0m] Started Terminate Plymouth Boot Screen.
[[0;32m  OK  [0m] Started OpenBSD Secure Shell server.
[[0;32m  OK  [0m] Started Getty on tty1.
         Starting Set console scheme...
[[0;32m  OK  [0m] Started Serial Getty on ttyS0.
[[0;32m  OK  [0m] Reached target Login Prompts.
[[0;32m  OK  [0m] Started Set console scheme.
[[0;32m  OK  [0m] Started Wait until snapd is fully seeded.
         Starting Apply the settings specified in cloud-config...
[[0;32m  OK  [0m] Reached target Multi-User System.
[[0;32m  OK  [0m] Reached target Graphical Interface.
         Starting Update UTMP about System Runlevel Changes...
[[0;32m  OK  [0m] Started Update UTMP about System Runlevel Changes.
[   11.302983] cloud-init[1305]: Generating locales (this might take a while)...
[[0;32m  OK  [0m] Created slice User Slice of vagrant.
         Starting User Manager for UID 1000...
[[0;32m  OK  [0m] Started Session 1 of user vagrant.
[[0;32m  OK  [0m] Started User Manager for UID 1000.
[   12.341922] cloud-init[1305]:   en_US.UTF-8... done
[   12.347450] cloud-init[1305]: Generation complete.
[   12.876518] cloud-init[1305]: Cloud-init v. 19.2-36-g059d049c-0ubuntu2~16.04.1 running 'modules:config' at Sat, 26 Oct 2019 20:44:41 +0000. Up 11.19 seconds.
[[0;32m  OK  [0m] Started Apply the settings specified in cloud-config.
         Starting Execute cloud user/final scripts...
ci-info: no authorized ssh keys fingerprints found for user ubuntu.
<14>Oct 26 20:44:44 ec2: 
<14>Oct 26 20:44:44 ec2: #############################################################
<14>Oct 26 20:44:44 ec2: -----BEGIN SSH HOST KEY FINGERPRINTS-----
<14>Oct 26 20:44:44 ec2: 1024 SHA256:w/ScaS1xpUSCc16ro6Aa0312KYO5lH4cetruNz4yArM root@ubuntu-xenial (DSA)
<14>Oct 26 20:44:44 ec2: 256 SHA256:Y09SYa81fTk5ujX/48lI5aRWtbVolZ+85uxE+ik5QQU root@ubuntu-xenial (ECDSA)
<14>Oct 26 20:44:44 ec2: 256 SHA256:+5NXdqNnMRQ2LRzlcmNsWldb0oSM90fViVA7FC9wDz4 root@ubuntu-xenial (ED25519)
<14>Oct 26 20:44:44 ec2: 2048 SHA256:j9cReQQVAGApvkfILJUpSlo1AURCWzutRsrTTHghMCA root@ubuntu-xenial (RSA)
<14>Oct 26 20:44:44 ec2: -----END SSH HOST KEY FINGERPRINTS-----
<14>Oct 26 20:44:44 ec2: #############################################################
-----BEGIN SSH HOST KEY KEYS-----
ecdsa-sha2-nistp256 AAAAE2VjZHNhLXNoYTItbmlzdHAyNTYAAAAIbmlzdHAyNTYAAABBBBGBj27tMLMPWPpvnp/4dLYEaZshL0zzDSEpS0wXGjDgP5zZj3TPioMj6ZQffMZuPZCN07WLMvudoIhnOkh1ibc= root@ubuntu-xenial
ssh-ed25519 AAAAC3NzaC1lZDI1NTE5AAAAIHBOoheMuOwp1j9A0EEtxAh3RYuQ/KUgFz7ahSx1kSNk root@ubuntu-xenial
ssh-rsa AAAAB3NzaC1yc2EAAAADAQABAAABAQCk06BgxkYDAlQGLFUlWS02dBwS2qePeSQ0vAI3DRzcQqS5S6oELboluT0hqtCrCvqYsQizpGTdC9uGM3cX8DWge78oJXJ20Xmvevu8psdx5IOYYvakw7P4BuiFq2HCr8yqKVJHxsGEEdXcNMrCxjhzeMqp/ITpq4b4Yqr3mYK5JGgaCmbqH0aJg7Qx4jRvuiW6NmCAkoXdCKxGIZ/C8yQ8s+lt+4yu0Dr7NMSWTdWQlOoBKJDboFHuHV+2n+V5qR4+Plz12Wxn5D+7f6cVDsTwmPmsCYbkskWXDVupSx0xgD9E0W2/GLpS85kkpzwlODw58G8uqcFH01BeIbKb0wI1 root@ubuntu-xenial
-----END SSH HOST KEY KEYS-----
[   13.600635] cloud-init[1429]: Cloud-init v. 19.2-36-g059d049c-0ubuntu2~16.04.1 running 'modules:final' at Sat, 26 Oct 2019 20:44:43 +0000. Up 13.34 seconds.
[   13.603470] cloud-init[1429]: ci-info: no authorized ssh keys fingerprints found for user ubuntu.
[   13.612768] cloud-init[1429]: Cloud-init v. 19.2-36-g059d049c-0ubuntu2~16.04.1 finished at Sat, 26 Oct 2019 20:44:44 +0000. Datasource DataSourceNoCloud [seed=/dev/sdb][dsmode=net].  Up 13.58 seconds
[[0;32m  OK  [0m] Started Execute cloud user/final scripts.
[[0;32m  OK  [0m] Reached target Cloud-init target.

Ubuntu 16.04.6 LTS ubuntu-xenial ttyS0

ubuntu-xenial login: 